// Jest Snapshot v1, https://goo.gl/fbAQLP

exports[`Test <FormService /> check snapshot version 1`] = `
ShallowWrapper {
  Symbol(enzyme.__root__): [Circular],
  Symbol(enzyme.__unrendered__): <FormServices
    onClose={[Function]}
    onSave={[Function]}
  />,
  Symbol(enzyme.__renderer__): Object {
    "batchedUpdates": [Function],
    "checkPropTypes": [Function],
    "getNode": [Function],
    "render": [Function],
    "simulateError": [Function],
    "simulateEvent": [Function],
    "unmount": [Function],
  },
  Symbol(enzyme.__node__): Object {
    "instance": null,
    "key": undefined,
    "nodeType": "class",
    "props": Object {
      "children": Array [
        <WithStyles(DialogTitle)
          id="alert-dialog-slide-title"
        >
          Adicionar/Editar Serviço
        </WithStyles(DialogTitle)>,
        <WithStyles(DialogContent)>
          <WithStyles(Grid)
            container={true}
            spacing={8}
          >
            <WithStyles(Grid)
              item={true}
              sm={6}
              xs={12}
            >
              <TextField
                fullWidth={true}
                label="Valor"
                margin="normal"
                onChange={[Function]}
                required={false}
                select={false}
                value=""
                variant="outlined"
              />
            </WithStyles(Grid)>
            <WithStyles(Grid)
              item={true}
              sm={6}
              xs={12}
            >
              <TextField
                fullWidth={true}
                label="Quantidade"
                margin="normal"
                onChange={[Function]}
                required={false}
                select={false}
                value=""
                variant="outlined"
              />
            </WithStyles(Grid)>
            <WithStyles(Grid)
              item={true}
              sm={12}
              xs={12}
            >
              <TextField
                fullWidth={true}
                label="Descrição"
                margin="normal"
                multiline={true}
                onChange={[Function]}
                required={false}
                rows={3}
                select={false}
                value=""
                variant="outlined"
              />
            </WithStyles(Grid)>
          </WithStyles(Grid)>
        </WithStyles(DialogContent)>,
        <WithStyles(DialogActions)>
          <WithStyles(Button)
            className="btn-save"
            color="primary"
            onClick={[Function]}
            variant="contained"
          >
            Salvar
          </WithStyles(Button)>
          <WithStyles(Button)
            className="btn-close"
            onClick={[Function]}
            variant="contained"
          >
            Cancelar
          </WithStyles(Button)>
        </WithStyles(DialogActions)>,
      ],
      "keepMounted": true,
      "onClose": [Function],
      "open": true,
    },
    "ref": null,
    "rendered": Array [
      Object {
        "instance": null,
        "key": undefined,
        "nodeType": "class",
        "props": Object {
          "children": "Adicionar/Editar Serviço",
          "id": "alert-dialog-slide-title",
        },
        "ref": null,
        "rendered": "Adicionar/Editar Serviço",
        "type": [Function],
      },
      Object {
        "instance": null,
        "key": undefined,
        "nodeType": "class",
        "props": Object {
          "children": <WithStyles(Grid)
            container={true}
            spacing={8}
          >
            <WithStyles(Grid)
              item={true}
              sm={6}
              xs={12}
            >
              <TextField
                fullWidth={true}
                label="Valor"
                margin="normal"
                onChange={[Function]}
                required={false}
                select={false}
                value=""
                variant="outlined"
              />
            </WithStyles(Grid)>
            <WithStyles(Grid)
              item={true}
              sm={6}
              xs={12}
            >
              <TextField
                fullWidth={true}
                label="Quantidade"
                margin="normal"
                onChange={[Function]}
                required={false}
                select={false}
                value=""
                variant="outlined"
              />
            </WithStyles(Grid)>
            <WithStyles(Grid)
              item={true}
              sm={12}
              xs={12}
            >
              <TextField
                fullWidth={true}
                label="Descrição"
                margin="normal"
                multiline={true}
                onChange={[Function]}
                required={false}
                rows={3}
                select={false}
                value=""
                variant="outlined"
              />
            </WithStyles(Grid)>
          </WithStyles(Grid)>,
        },
        "ref": null,
        "rendered": Object {
          "instance": null,
          "key": undefined,
          "nodeType": "class",
          "props": Object {
            "children": Array [
              <WithStyles(Grid)
                item={true}
                sm={6}
                xs={12}
              >
                <TextField
                  fullWidth={true}
                  label="Valor"
                  margin="normal"
                  onChange={[Function]}
                  required={false}
                  select={false}
                  value=""
                  variant="outlined"
                />
              </WithStyles(Grid)>,
              <WithStyles(Grid)
                item={true}
                sm={6}
                xs={12}
              >
                <TextField
                  fullWidth={true}
                  label="Quantidade"
                  margin="normal"
                  onChange={[Function]}
                  required={false}
                  select={false}
                  value=""
                  variant="outlined"
                />
              </WithStyles(Grid)>,
              <WithStyles(Grid)
                item={true}
                sm={12}
                xs={12}
              >
                <TextField
                  fullWidth={true}
                  label="Descrição"
                  margin="normal"
                  multiline={true}
                  onChange={[Function]}
                  required={false}
                  rows={3}
                  select={false}
                  value=""
                  variant="outlined"
                />
              </WithStyles(Grid)>,
            ],
            "container": true,
            "spacing": 8,
          },
          "ref": null,
          "rendered": Array [
            Object {
              "instance": null,
              "key": undefined,
              "nodeType": "class",
              "props": Object {
                "children": <TextField
                  fullWidth={true}
                  label="Valor"
                  margin="normal"
                  onChange={[Function]}
                  required={false}
                  select={false}
                  value=""
                  variant="outlined"
                />,
                "item": true,
                "sm": 6,
                "xs": 12,
              },
              "ref": null,
              "rendered": Object {
                "instance": null,
                "key": undefined,
                "nodeType": "class",
                "props": Object {
                  "fullWidth": true,
                  "label": "Valor",
                  "margin": "normal",
                  "onChange": [Function],
                  "required": false,
                  "select": false,
                  "value": "",
                  "variant": "outlined",
                },
                "ref": null,
                "rendered": null,
                "type": [Function],
              },
              "type": [Function],
            },
            Object {
              "instance": null,
              "key": undefined,
              "nodeType": "class",
              "props": Object {
                "children": <TextField
                  fullWidth={true}
                  label="Quantidade"
                  margin="normal"
                  onChange={[Function]}
                  required={false}
                  select={false}
                  value=""
                  variant="outlined"
                />,
                "item": true,
                "sm": 6,
                "xs": 12,
              },
              "ref": null,
              "rendered": Object {
                "instance": null,
                "key": undefined,
                "nodeType": "class",
                "props": Object {
                  "fullWidth": true,
                  "label": "Quantidade",
                  "margin": "normal",
                  "onChange": [Function],
                  "required": false,
                  "select": false,
                  "value": "",
                  "variant": "outlined",
                },
                "ref": null,
                "rendered": null,
                "type": [Function],
              },
              "type": [Function],
            },
            Object {
              "instance": null,
              "key": undefined,
              "nodeType": "class",
              "props": Object {
                "children": <TextField
                  fullWidth={true}
                  label="Descrição"
                  margin="normal"
                  multiline={true}
                  onChange={[Function]}
                  required={false}
                  rows={3}
                  select={false}
                  value=""
                  variant="outlined"
                />,
                "item": true,
                "sm": 12,
                "xs": 12,
              },
              "ref": null,
              "rendered": Object {
                "instance": null,
                "key": undefined,
                "nodeType": "class",
                "props": Object {
                  "fullWidth": true,
                  "label": "Descrição",
                  "margin": "normal",
                  "multiline": true,
                  "onChange": [Function],
                  "required": false,
                  "rows": 3,
                  "select": false,
                  "value": "",
                  "variant": "outlined",
                },
                "ref": null,
                "rendered": null,
                "type": [Function],
              },
              "type": [Function],
            },
          ],
          "type": [Function],
        },
        "type": [Function],
      },
      Object {
        "instance": null,
        "key": undefined,
        "nodeType": "class",
        "props": Object {
          "children": Array [
            <WithStyles(Button)
              className="btn-save"
              color="primary"
              onClick={[Function]}
              variant="contained"
            >
              Salvar
            </WithStyles(Button)>,
            <WithStyles(Button)
              className="btn-close"
              onClick={[Function]}
              variant="contained"
            >
              Cancelar
            </WithStyles(Button)>,
          ],
        },
        "ref": null,
        "rendered": Array [
          Object {
            "instance": null,
            "key": undefined,
            "nodeType": "class",
            "props": Object {
              "children": "Salvar",
              "className": "btn-save",
              "color": "primary",
              "onClick": [Function],
              "variant": "contained",
            },
            "ref": null,
            "rendered": "Salvar",
            "type": [Function],
          },
          Object {
            "instance": null,
            "key": undefined,
            "nodeType": "class",
            "props": Object {
              "children": "Cancelar",
              "className": "btn-close",
              "onClick": [Function],
              "variant": "contained",
            },
            "ref": null,
            "rendered": "Cancelar",
            "type": [Function],
          },
        ],
        "type": [Function],
      },
    ],
    "type": [Function],
  },
  Symbol(enzyme.__nodes__): Array [
    Object {
      "instance": null,
      "key": undefined,
      "nodeType": "class",
      "props": Object {
        "children": Array [
          <WithStyles(DialogTitle)
            id="alert-dialog-slide-title"
          >
            Adicionar/Editar Serviço
          </WithStyles(DialogTitle)>,
          <WithStyles(DialogContent)>
            <WithStyles(Grid)
              container={true}
              spacing={8}
            >
              <WithStyles(Grid)
                item={true}
                sm={6}
                xs={12}
              >
                <TextField
                  fullWidth={true}
                  label="Valor"
                  margin="normal"
                  onChange={[Function]}
                  required={false}
                  select={false}
                  value=""
                  variant="outlined"
                />
              </WithStyles(Grid)>
              <WithStyles(Grid)
                item={true}
                sm={6}
                xs={12}
              >
                <TextField
                  fullWidth={true}
                  label="Quantidade"
                  margin="normal"
                  onChange={[Function]}
                  required={false}
                  select={false}
                  value=""
                  variant="outlined"
                />
              </WithStyles(Grid)>
              <WithStyles(Grid)
                item={true}
                sm={12}
                xs={12}
              >
                <TextField
                  fullWidth={true}
                  label="Descrição"
                  margin="normal"
                  multiline={true}
                  onChange={[Function]}
                  required={false}
                  rows={3}
                  select={false}
                  value=""
                  variant="outlined"
                />
              </WithStyles(Grid)>
            </WithStyles(Grid)>
          </WithStyles(DialogContent)>,
          <WithStyles(DialogActions)>
            <WithStyles(Button)
              className="btn-save"
              color="primary"
              onClick={[Function]}
              variant="contained"
            >
              Salvar
            </WithStyles(Button)>
            <WithStyles(Button)
              className="btn-close"
              onClick={[Function]}
              variant="contained"
            >
              Cancelar
            </WithStyles(Button)>
          </WithStyles(DialogActions)>,
        ],
        "keepMounted": true,
        "onClose": [Function],
        "open": true,
      },
      "ref": null,
      "rendered": Array [
        Object {
          "instance": null,
          "key": undefined,
          "nodeType": "class",
          "props": Object {
            "children": "Adicionar/Editar Serviço",
            "id": "alert-dialog-slide-title",
          },
          "ref": null,
          "rendered": "Adicionar/Editar Serviço",
          "type": [Function],
        },
        Object {
          "instance": null,
          "key": undefined,
          "nodeType": "class",
          "props": Object {
            "children": <WithStyles(Grid)
              container={true}
              spacing={8}
            >
              <WithStyles(Grid)
                item={true}
                sm={6}
                xs={12}
              >
                <TextField
                  fullWidth={true}
                  label="Valor"
                  margin="normal"
                  onChange={[Function]}
                  required={false}
                  select={false}
                  value=""
                  variant="outlined"
                />
              </WithStyles(Grid)>
              <WithStyles(Grid)
                item={true}
                sm={6}
                xs={12}
              >
                <TextField
                  fullWidth={true}
                  label="Quantidade"
                  margin="normal"
                  onChange={[Function]}
                  required={false}
                  select={false}
                  value=""
                  variant="outlined"
                />
              </WithStyles(Grid)>
              <WithStyles(Grid)
                item={true}
                sm={12}
                xs={12}
              >
                <TextField
                  fullWidth={true}
                  label="Descrição"
                  margin="normal"
                  multiline={true}
                  onChange={[Function]}
                  required={false}
                  rows={3}
                  select={false}
                  value=""
                  variant="outlined"
                />
              </WithStyles(Grid)>
            </WithStyles(Grid)>,
          },
          "ref": null,
          "rendered": Object {
            "instance": null,
            "key": undefined,
            "nodeType": "class",
            "props": Object {
              "children": Array [
                <WithStyles(Grid)
                  item={true}
                  sm={6}
                  xs={12}
                >
                  <TextField
                    fullWidth={true}
                    label="Valor"
                    margin="normal"
                    onChange={[Function]}
                    required={false}
                    select={false}
                    value=""
                    variant="outlined"
                  />
                </WithStyles(Grid)>,
                <WithStyles(Grid)
                  item={true}
                  sm={6}
                  xs={12}
                >
                  <TextField
                    fullWidth={true}
                    label="Quantidade"
                    margin="normal"
                    onChange={[Function]}
                    required={false}
                    select={false}
                    value=""
                    variant="outlined"
                  />
                </WithStyles(Grid)>,
                <WithStyles(Grid)
                  item={true}
                  sm={12}
                  xs={12}
                >
                  <TextField
                    fullWidth={true}
                    label="Descrição"
                    margin="normal"
                    multiline={true}
                    onChange={[Function]}
                    required={false}
                    rows={3}
                    select={false}
                    value=""
                    variant="outlined"
                  />
                </WithStyles(Grid)>,
              ],
              "container": true,
              "spacing": 8,
            },
            "ref": null,
            "rendered": Array [
              Object {
                "instance": null,
                "key": undefined,
                "nodeType": "class",
                "props": Object {
                  "children": <TextField
                    fullWidth={true}
                    label="Valor"
                    margin="normal"
                    onChange={[Function]}
                    required={false}
                    select={false}
                    value=""
                    variant="outlined"
                  />,
                  "item": true,
                  "sm": 6,
                  "xs": 12,
                },
                "ref": null,
                "rendered": Object {
                  "instance": null,
                  "key": undefined,
                  "nodeType": "class",
                  "props": Object {
                    "fullWidth": true,
                    "label": "Valor",
                    "margin": "normal",
                    "onChange": [Function],
                    "required": false,
                    "select": false,
                    "value": "",
                    "variant": "outlined",
                  },
                  "ref": null,
                  "rendered": null,
                  "type": [Function],
                },
                "type": [Function],
              },
              Object {
                "instance": null,
                "key": undefined,
                "nodeType": "class",
                "props": Object {
                  "children": <TextField
                    fullWidth={true}
                    label="Quantidade"
                    margin="normal"
                    onChange={[Function]}
                    required={false}
                    select={false}
                    value=""
                    variant="outlined"
                  />,
                  "item": true,
                  "sm": 6,
                  "xs": 12,
                },
                "ref": null,
                "rendered": Object {
                  "instance": null,
                  "key": undefined,
                  "nodeType": "class",
                  "props": Object {
                    "fullWidth": true,
                    "label": "Quantidade",
                    "margin": "normal",
                    "onChange": [Function],
                    "required": false,
                    "select": false,
                    "value": "",
                    "variant": "outlined",
                  },
                  "ref": null,
                  "rendered": null,
                  "type": [Function],
                },
                "type": [Function],
              },
              Object {
                "instance": null,
                "key": undefined,
                "nodeType": "class",
                "props": Object {
                  "children": <TextField
                    fullWidth={true}
                    label="Descrição"
                    margin="normal"
                    multiline={true}
                    onChange={[Function]}
                    required={false}
                    rows={3}
                    select={false}
                    value=""
                    variant="outlined"
                  />,
                  "item": true,
                  "sm": 12,
                  "xs": 12,
                },
                "ref": null,
                "rendered": Object {
                  "instance": null,
                  "key": undefined,
                  "nodeType": "class",
                  "props": Object {
                    "fullWidth": true,
                    "label": "Descrição",
                    "margin": "normal",
                    "multiline": true,
                    "onChange": [Function],
                    "required": false,
                    "rows": 3,
                    "select": false,
                    "value": "",
                    "variant": "outlined",
                  },
                  "ref": null,
                  "rendered": null,
                  "type": [Function],
                },
                "type": [Function],
              },
            ],
            "type": [Function],
          },
          "type": [Function],
        },
        Object {
          "instance": null,
          "key": undefined,
          "nodeType": "class",
          "props": Object {
            "children": Array [
              <WithStyles(Button)
                className="btn-save"
                color="primary"
                onClick={[Function]}
                variant="contained"
              >
                Salvar
              </WithStyles(Button)>,
              <WithStyles(Button)
                className="btn-close"
                onClick={[Function]}
                variant="contained"
              >
                Cancelar
              </WithStyles(Button)>,
            ],
          },
          "ref": null,
          "rendered": Array [
            Object {
              "instance": null,
              "key": undefined,
              "nodeType": "class",
              "props": Object {
                "children": "Salvar",
                "className": "btn-save",
                "color": "primary",
                "onClick": [Function],
                "variant": "contained",
              },
              "ref": null,
              "rendered": "Salvar",
              "type": [Function],
            },
            Object {
              "instance": null,
              "key": undefined,
              "nodeType": "class",
              "props": Object {
                "children": "Cancelar",
                "className": "btn-close",
                "onClick": [Function],
                "variant": "contained",
              },
              "ref": null,
              "rendered": "Cancelar",
              "type": [Function],
            },
          ],
          "type": [Function],
        },
      ],
      "type": [Function],
    },
  ],
  Symbol(enzyme.__options__): Object {
    "adapter": ReactSixteenAdapter {
      "options": Object {
        "enableComponentDidUpdateOnSetState": true,
        "legacyContextMode": "parent",
        "lifecycles": Object {
          "componentDidUpdate": Object {
            "onSetState": true,
          },
          "getChildContext": Object {
            "calledByRenderer": false,
          },
          "getDerivedStateFromError": true,
          "getDerivedStateFromProps": Object {
            "hasShouldComponentUpdateBug": false,
          },
          "getSnapshotBeforeUpdate": true,
          "setState": Object {
            "skipsComponentDidUpdateOnNullish": true,
          },
        },
      },
    },
  },
  Symbol(enzyme.__childContext__): null,
}
`;
